Audi A3 wt98fnpsku 3816 8993
Audi A6 amsbl4aixl 5463 8885
Audi A8 340fvt339e 4720 7764
Audi R8 l9yemh4o7s 2700 10268
Audi RS5 enr5upnj4i 1325 10167
Audi RS5 nj3l315y1x 3254 11875
Audi S4 h4fypxixl3 1426 2159
Audi S7 2qyapt359a 5705 3122
Audi SQ5 7xzrdl789e 8026 13481
Ford AerostarCargo njplbpsu17 2316 11598
Ford Econoline d71a92ggfp 6788 12876
Ford EconolineE350SuperDutyPassenger 5oztzr564w 7033 14428
Ford F150SuperCrewCab btvw4mv2sp 2881 13344
Ford F150SuperCrewCab xpl2sx2ems 9412 14889
Ford Fiesta dwhod1a3w5 9995 8986
Ford Taurus 1yklhcll8a 3515 9764
Ford Taurus sqaybhpqj4 3013 13071
Ford Tempo 1zgvfh28dz 9736 5658
Ford Transit iumj7qirqq 3214 9045
Ford ZX2 phq6gizhai 4280 5014
Mercedes-Benz CLK-Class paau62q56q 1477 2391
Mercedes-Benz E-Class k6xeulilfw 5390 3272
Mercedes-Benz GL-Class vx76yxbusp 9662 13709
Mercedes-Benz Mercedes-AMG yx6196wdcm 5032 3670
Mercedes-Benz S-Class 8fpbnytl97 5861 2550
Mercedes-Benz S-Class michnuq50l 6074 8807
Mercedes-Benz SL-Class bwf7kqwxhk 8869 2059
Mercedes-Benz SLK-Class 4mq9w00wct 9604 4864
Mercedes-Benz SLK-Class lrymd54qbl 3483 10785
Toyota Avalon x8fu5lo3m9 8920 3916
Toyota Celica 8vizxavjhh 4999 9110
Toyota Highlander wll61s7abu 1278 7862
Toyota LandCruiser fdm98gbg9j 3358 8395
Toyota Mirai zn7jpf4dgp 5806 8925
Toyota RAV4 3n6wpwsbqk 6415 7899
Toyota Sienna 15gahw2a8m 9993 5753
Toyota Sienna fekobhuk9q 3653 10226
Toyota Solara qd2e31qfea 9097 3876
Toyota T100 0yi1ocmlxn 4156 8313
Toyota T100RegularCab y1utoatdx9 7540 9268
Toyota TacomaAccessCab t6z75k03uk 3095 6238
Toyota Tundra xx4e32mtje 4739 7576
Toyota TundraRegularCab qtn2cb81do 3917 9485
Toyota Venza 9talylt0aw 9172 8073
Toyota Yaris 0wmoet0ckn 6826 9275
Volvo 850 bv55fq9ewq 2640 13400
Volvo S80 ecckdo9w15 6974 5722
Volvo V40 foi01znl24 6604 12283
Volvo XC60 d74pgn1jr3 4597 9293
Volvo XC90 sj31svafqu 1759 10259
174625
