Audi 9
BMW 18
Chevrolet 23
Ford 11
Mercedes-Benz 9
Subaru 2
Suzuki 7
Toyota 16
Volvo 5
