Audi A3 wt98fnpsku 3816 8993
Audi A6 amsbl4aixl 5463 8885
Audi A8 340fvt339e 4720 7764
Audi R8 l9yemh4o7s 2700 10268
Audi RS5 enr5upnj4i 1325 10167
Audi RS5 nj3l315y1x 3254 11875
Audi S4 h4fypxixl3 1426 2159
Audi S7 2qyapt359a 5705 3122
Audi SQ5 7xzrdl789e 8026 13481
BMW 1Series c36jtvjrcu 9557 11029
BMW 2Series tu0hcyuull 8761 8223
BMW 3Series 61lxnbay0c 6692 13222
BMW 3Series 8gwhddclcg 2940 14865
BMW 3Series b9cjvyigx8 2537 8550
BMW 5Series 8fpkfs7s9d 6058 13860
BMW 5Series fd87u478yu 5683 4932
BMW 7Series iwt8aj2f1e 7574 4039
BMW M3 h5lu0yhf5a 7487 14686
BMW M5 lce7r3xqpr 6919 8237
BMW M5 mnkklofeuc 4453 12889
BMW M5 xhufxomt2a 8498 2105
BMW X1 wz9scdwfub 4866 13652
BMW X5 ndizj7lng2 2168 14999
BMW X6M cehy5p1etb 5277 8173
BMW Z8 jtkj5yah8d 4419 3555
BMW i3 u7oxxpbtyh 7063 11547
BMW i8 f8bpc93f6i 4000 13873
Chevrolet 2500HDExtendedCab fdynp19zvv 4872 11748
Chevrolet 3500RegularCab ynyb4usatm 8344 10074
Chevrolet AstroPassenger oeb7nbhzz3 5484 9114
Chevrolet AstroPassenger v8u756ch1q 1227 6945
Chevrolet Camaro 1fdvkaff97 6782 8672
Chevrolet CaptivaSport eb0w6njon1 7613 14421
Chevrolet Cavalier h2uwk5jfev 8632 10334
Chevrolet Corvette 03csuxba2j 3487 5648
Chevrolet Express2500 etxita8lic 3976 11103
Chevrolet Express2500Cargo rtdzkluhzv 7121 6344
Chevrolet Malibu fuvjx4hgj4 4236 4199
Chevrolet Malibu q2dip9g0uy 7012 5473
Chevrolet MonteCarlo dxicke039w 4459 2305
Chevrolet MonteCarlo hxndajs1vt 7664 4659
Chevrolet S10RegularCab ej39lnz1yx 1959 4909
Chevrolet Silverado wjckx944uj 7693 7494
Chevrolet Silverado2500ExtendedCab 8hjbf1lawn 4233 5724
Chevrolet Silverado3500HD 98kskdu1cr 1570 11285
Chevrolet Silverado3500HDDoubleCab 35cse4kh2g 5663 6144
Chevrolet Silverado3500RegularCab di5qz4ctha 6154 9158
Chevrolet Suburban ke07khg1wn 4121 4704
Chevrolet Suburban2500 s8n1lzdhoh 5647 12661
Chevrolet Tahoe dbrxothpyq 6090 8724
Ford AerostarCargo njplbpsu17 2316 11598
Ford Econoline d71a92ggfp 6788 12876
Ford EconolineE350SuperDutyPassenger 5oztzr564w 7033 14428
Ford F150SuperCrewCab btvw4mv2sp 2881 13344
Ford F150SuperCrewCab xpl2sx2ems 9412 14889
Ford Fiesta dwhod1a3w5 9995 8986
Ford Taurus 1yklhcll8a 3515 9764
Ford Taurus sqaybhpqj4 3013 13071
Ford Tempo 1zgvfh28dz 9736 5658
Ford Transit iumj7qirqq 3214 9045
Ford ZX2 phq6gizhai 4280 5014
Mercedes-Benz CLK-Class paau62q56q 1477 2391
Mercedes-Benz E-Class k6xeulilfw 5390 3272
Mercedes-Benz GL-Class vx76yxbusp 9662 13709
Mercedes-Benz Mercedes-AMG yx6196wdcm 5032 3670
Mercedes-Benz S-Class 8fpbnytl97 5861 2550
Mercedes-Benz S-Class michnuq50l 6074 8807
Mercedes-Benz SL-Class bwf7kqwxhk 8869 2059
Mercedes-Benz SLK-Class 4mq9w00wct 9604 4864
Mercedes-Benz SLK-Class lrymd54qbl 3483 10785
Subaru BRZ 0ibdu3n47t 2987 3046
Subaru Outback z3bohgt66y 5152 14411
Suzuki Esteem qqdl4gg4r3 6926 10475
Suzuki Forenza gwy39uds1x 6570 14382
Suzuki SX4 ikn8ntwin4 2036 6299
Suzuki Samurai nn3gyxfhzi 4604 5385
Suzuki Sidekick 7s0t39eqv4 6138 9737
Suzuki Sidekick vso1roz3jh 1015 12114
Suzuki XL7 eubccl50z8 9941 8858
Toyota Avalon x8fu5lo3m9 8920 3916
Toyota Celica 8vizxavjhh 4999 9110
Toyota Highlander wll61s7abu 1278 7862
Toyota LandCruiser fdm98gbg9j 3358 8395
Toyota Mirai zn7jpf4dgp 5806 8925
Toyota RAV4 3n6wpwsbqk 6415 7899
Toyota Sienna 15gahw2a8m 9993 5753
Toyota Sienna fekobhuk9q 3653 10226
Toyota Solara qd2e31qfea 9097 3876
Toyota T100 0yi1ocmlxn 4156 8313
Toyota T100RegularCab y1utoatdx9 7540 9268
Toyota TacomaAccessCab t6z75k03uk 3095 6238
Toyota Tundra xx4e32mtje 4739 7576
Toyota TundraRegularCab qtn2cb81do 3917 9485
Toyota Venza 9talylt0aw 9172 8073
Toyota Yaris 0wmoet0ckn 6826 9275
Volvo 850 bv55fq9ewq 2640 13400
Volvo S80 ecckdo9w15 6974 5722
Volvo V40 foi01znl24 6604 12283
Volvo XC60 d74pgn1jr3 4597 9293
Volvo XC90 sj31svafqu 1759 10259
